// Jest Snapshot v1, https://goo.gl/fbAQLP

exports[`renders correctly 1`] = `
<div
  className="sc-bZQynM cZVOIA"
>
  <h1
    className="sc-gzVnrw ibZhkv"
  >
    Material UI
  </h1>
  <ul>
    <li>
      Install Material UI
    </li>
    <li>
      Create .MUI.js component
    </li>
    <li>
      Import .mui.js component into render method
    </li>
  </ul>
  <div
    className="sc-ifAKCX sPqpe"
  >
    <h3
      className="sc-EHOje ffdZoo"
    >
      Resources:
    </h3>
    <a
      href="https://material-ui.com/demos/selects"
    >
      https://material-ui.com/demos/selects
    </a>
  </div>
</div>
`;
