// Jest Snapshot v1, https://goo.gl/fbAQLP

exports[`renders correctly 1`] = `
<div
  className="sc-bZQynM dETavn"
>
  <h1>
    Redux
  </h1>
  <ul>
    <li>
      npm i --save redux react-redux redux-promise redux-thunk
    </li>
    <li>
      Add redux specific code into src/index.js
    </li>
  </ul>
  <div
    className="sc-ifAKCX eVrQyi"
  >
    <h2>
      Resources:
    </h2>
    Some Resource
  </div>
  <h3>
    Test Data Fetch Action:
  </h3>
  <button
    className="sc-bxivhb iBHaDI"
    onClick={[Function]}
  >
    Dispatch Redux Action
  </button>
  <div
    className="sc-EHOje enDNEB"
  >
    <div>
      Send a SignalR Message.
    </div>
    <i>
      Note: This will only work while connected to SignalR API.
    </i>
    <br />
    <button
      onClick={[Function]}
    >
      Send message
    </button>
    <div>
      Response: no signal yet
    </div>
    <br />
    <div>
      Get all Inventory to recieve notification: no message yet
    </div>
  </div>
</div>
`;
