// Jest Snapshot v1, https://goo.gl/fbAQLP

exports[`renders correctly 1`] = `
<div
  className="sc-gzVnrw hsbscI"
>
  <h1>
    Redux
  </h1>
  <div
    className="sc-ifAKCX sPqpe"
  >
    <h3
      className="sc-EHOje ffdZoo"
    >
      Resources:
    </h3>
    <a
      href="https://redux.js.org/"
    >
      https://redux.js.org/
    </a>
  </div>
  <h3>
    Test Data Fetch Action:
  </h3>
  <button
    className="sc-bxivhb iBHaDI"
    onClick={[Function]}
  >
    Dispatch Redux Action
  </button>
  <div
    className="sc-bZQynM cZVOIA"
  >
    <div>
      Send a SignalR Message.
    </div>
    <i>
      Note: This will only work while connected to SignalR API.
    </i>
    <br />
    <button
      onClick={[Function]}
    >
      Send message
    </button>
    <div>
      Response: no signal yet
    </div>
    <br />
    <div>
      Get all Inventory to recieve notification: no message yet
    </div>
  </div>
</div>
`;
