// Jest Snapshot v1, https://goo.gl/fbAQLP

exports[`renders correctly 1`] = `
<div
  className="sc-bZQynM hnHuKh"
>
  <div
    className="sc-gzVnrw dkvrNP"
  >
    <h1
      className="sc-htoDjs bZzhDu"
    >
      Styled Components
    </h1>
    <div
      className="sc-ifAKCX sPqpe"
    >
      <h3
        className="sc-EHOje ffdZoo"
      >
        Resources:
      </h3>
      <a
        href="https://www.styled-components.com/docs/basics"
      >
        https://www.styled-components.com/docs/basics
      </a>
    </div>
    <button
      className="sc-htpNat kRUzAD"
    >
      This is a reusable button
    </button>
  </div>
</div>
`;
